// Vitest Snapshot v1, https://vitest.dev/guide/snapshot.html

exports[`ProductItem > should match snapshot 1`] = `
<div>
  <div
    class="ant-card ant-card-bordered ant-card-hoverable css-dev-only-do-not-override-161f05s"
    style="margin: 20px;"
  >
    <div
      class="ant-card-body"
    >
      <div
        class="ant-flex css-dev-only-do-not-override-161f05s ant-flex-align-center ant-flex-justify-center ant-flex-vertical"
      >
        <div
          class="ant-image css-dev-only-do-not-override-161f05s"
          data-testid="product-thumbnail"
        >
          <img
            alt="product thumbnail"
            class="ant-image-img css-dev-only-do-not-override-161f05s"
            src="test-thumbnail"
          />
          <div
            class="ant-image-mask"
          >
            <div
              class="ant-image-mask-info"
            >
              <span
                aria-label="eye"
                class="anticon anticon-eye"
                role="img"
              >
                <svg
                  aria-hidden="true"
                  data-icon="eye"
                  fill="currentColor"
                  focusable="false"
                  height="1em"
                  viewBox="64 64 896 896"
                  width="1em"
                >
                  <path
                    d="M942.2 486.2C847.4 286.5 704.1 186 512 186c-192.2 0-335.4 100.5-430.2 300.3a60.3 60.3 0 000 51.5C176.6 737.5 319.9 838 512 838c192.2 0 335.4-100.5 430.2-300.3 7.7-16.2 7.7-35 0-51.5zM512 766c-161.3 0-279.4-81.8-362.7-254C232.6 339.8 350.7 258 512 258c161.3 0 279.4 81.8 362.7 254C791.5 684.2 673.4 766 512 766zm-4-430c-97.2 0-176 78.8-176 176s78.8 176 176 176 176-78.8 176-176-78.8-176-176-176zm0 288c-61.9 0-112-50.1-112-112s50.1-112 112-112 112 50.1 112 112-50.1 112-112 112z"
                  />
                </svg>
              </span>
              Preview
            </div>
          </div>
        </div>
        <span
          class="ant-typography css-dev-only-do-not-override-161f05s"
          data-testid="product-title"
        >
          test-title
        </span>
      </div>
    </div>
  </div>
</div>
`;
